Archive member included because of file (symbol)

D:\PROGRA~1\BestTech\GCCDEV~1\GCC\H8\bin\..\lib\gcc-lib\h8300-coff\3.3-GNUH8_v0401\h8300h\libgcc.a(_si_to_sf.o)
                              timer.o (__floatsisf)
D:\PROGRA~1\BestTech\GCCDEV~1\GCC\H8\bin\..\lib\gcc-lib\h8300-coff\3.3-GNUH8_v0401\h8300h\libgcc.a(_addsub_sf.o)
                              timer.o (__addsf3)
D:\PROGRA~1\BestTech\GCCDEV~1\GCC\H8\bin\..\lib\gcc-lib\h8300-coff\3.3-GNUH8_v0401\h8300h\libgcc.a(_div_sf.o)
                              timer.o (__divsf3)
D:\PROGRA~1\BestTech\GCCDEV~1\GCC\H8\bin\..\lib\gcc-lib\h8300-coff\3.3-GNUH8_v0401\h8300h\libgcc.a(_mul_sf.o)
                              timer.o (__mulsf3)
D:\PROGRA~1\BestTech\GCCDEV~1\GCC\H8\bin\..\lib\gcc-lib\h8300-coff\3.3-GNUH8_v0401\h8300h\libgcc.a(_fixunssfsi.o)
                              timer.o (__fixunssfsi)
D:\PROGRA~1\BestTech\GCCDEV~1\GCC\H8\bin\..\lib\gcc-lib\h8300-coff\3.3-GNUH8_v0401\h8300h\libgcc.a(_divsi3.o)
                              sci.o (__udivsi3)
D:\PROGRA~1\BestTech\GCCDEV~1\GCC\H8\bin\..\lib\gcc-lib\h8300-coff\3.3-GNUH8_v0401\h8300h\libgcc.a(_mulsi3.o)
                              bmp.o (__mulsi3)
D:\PROGRA~1\BestTech\GCCDEV~1\GCC\H8\bin\..\lib\gcc-lib\h8300-coff\3.3-GNUH8_v0401\h8300h\libgcc.a(_pack_sf.o)
                              D:\PROGRA~1\BestTech\GCCDEV~1\GCC\H8\bin\..\lib\gcc-lib\h8300-coff\3.3-GNUH8_v0401\h8300h\libgcc.a(_si_to_sf.o) (__pack_f)
D:\PROGRA~1\BestTech\GCCDEV~1\GCC\H8\bin\..\lib\gcc-lib\h8300-coff\3.3-GNUH8_v0401\h8300h\libgcc.a(_thenan_sf.o)
                              D:\PROGRA~1\BestTech\GCCDEV~1\GCC\H8\bin\..\lib\gcc-lib\h8300-coff\3.3-GNUH8_v0401\h8300h\libgcc.a(_addsub_sf.o) (__thenan_sf)
D:\PROGRA~1\BestTech\GCCDEV~1\GCC\H8\bin\..\lib\gcc-lib\h8300-coff\3.3-GNUH8_v0401\h8300h\libgcc.a(_unpack_sf.o)
                              D:\PROGRA~1\BestTech\GCCDEV~1\GCC\H8\bin\..\lib\gcc-lib\h8300-coff\3.3-GNUH8_v0401\h8300h\libgcc.a(_addsub_sf.o) (__unpack_f)
D:\PROGRA~1\BestTech\GCCDEV~1\GCC\H8\bin\..\lib\gcc-lib\h8300-coff\3.3-GNUH8_v0401\h8300h\libgcc.a(_ge_sf.o)
                              D:\PROGRA~1\BestTech\GCCDEV~1\GCC\H8\bin\..\lib\gcc-lib\h8300-coff\3.3-GNUH8_v0401\h8300h\libgcc.a(_fixunssfsi.o) (__gesf2)
D:\PROGRA~1\BestTech\GCCDEV~1\GCC\H8\bin\..\lib\gcc-lib\h8300-coff\3.3-GNUH8_v0401\h8300h\libgcc.a(_sf_to_si.o)
                              D:\PROGRA~1\BestTech\GCCDEV~1\GCC\H8\bin\..\lib\gcc-lib\h8300-coff\3.3-GNUH8_v0401\h8300h\libgcc.a(_fixunssfsi.o) (__fixsfsi)
D:\PROGRA~1\BestTech\GCCDEV~1\GCC\H8\bin\..\lib\gcc-lib\h8300-coff\3.3-GNUH8_v0401\h8300h\libgcc.a(_fpcmp_parts_sf.o)
                              D:\PROGRA~1\BestTech\GCCDEV~1\GCC\H8\bin\..\lib\gcc-lib\h8300-coff\3.3-GNUH8_v0401\h8300h\libgcc.a(_ge_sf.o) (__fpcmp_parts_f)
D:\PROGRA~1\BestTech\GCCDEV~1\GCC\H8\bin\..\lib\gcc-lib\h8300-coff\3.3-GNUH8_v0401\..\..\..\..\h8300-coff\lib\h8300h\libc.a(strlen.o)
                              sci.o (strlen)
D:\PROGRA~1\BestTech\GCCDEV~1\GCC\H8\bin\..\lib\gcc-lib\h8300-coff\3.3-GNUH8_v0401\..\..\..\..\h8300-coff\lib\h8300h\libc.a(strcmp.o)
                              shell.o (strcmp)

Allocating common symbols
Common symbol       size              file

Public_Abmp_Data    0x1c8             main.o
Public_Count        0x2               main.o
timer1_count        0x2               main.o
CTRL_C              0x1               sci.o
Public_Cursor_X     0x1               main.o
FLG_autosync        0x1               main.o
LED_Front_Lower     0x4               main.o
Public_Scroll_Value
                    0x2               main.o
LED_Back_Upper      0x4               main.o
LED_Back_Lower      0x4               main.o
LED_Front_Upper     0x4               main.o
Public_Abmp         0x10              main.o

Memory Configuration

Name             Origin             Length             Attributes
vectors          0x00000000         0x00000100
rom              0x00000100         0x0001ff00
ram              0x00ffef10         0x00001000
eight            0x00ffff00         0x00000100
*default*        0x00000000         0xffffffff

Linker script and memory map

LOAD main.o
LOAD timer.o
LOAD sci.o
LOAD shell.o
LOAD command.o
LOAD bmp.o
LOAD h8crt0.o

.vectors        0x00000000       0xf4
                0x00000000        0x4 LONG 0x1f1a <code 335> (_start)
                0x00000004        0x4 LONG 0x1f1a <code 335> (_start)
                0x00000008        0x4 LONG 0x1f1a <code 335> (_start)
                0x0000000c        0x4 LONG 0x1f1a <code 335> (_start)
                0x00000010        0x4 LONG 0x1f1a <code 335> (_start)
                0x00000014        0x4 LONG 0x1f1a <code 335> (_start)
                0x00000018        0x4 LONG 0x1f1a <code 335> (_start)
                0x0000001c        0x4 LONG 0x1f1a DEFINED (_int_nmi)?<code 335> (_int_nmi):<code 335> (_start)
                0x00000020        0x4 LONG 0x1f1a DEFINED (_int_trap0)?<code 335> (_int_trap0):<code 335> (_start)
                0x00000024        0x4 LONG 0x1f1a DEFINED (_int_trap1)?<code 335> (_int_trap1):<code 335> (_start)
                0x00000028        0x4 LONG 0x1f1a DEFINED (_int_trap2)?<code 335> (_int_trap2):<code 335> (_start)
                0x0000002c        0x4 LONG 0x1f1a DEFINED (_int_trap3)?<code 335> (_int_trap3):<code 335> (_start)
                0x00000030        0x4 LONG 0x1f1a DEFINED (_int_irq0)?<code 335> (_int_irq0):<code 335> (_start)
                0x00000034        0x4 LONG 0x1f1a DEFINED (_int_irq1)?<code 335> (_int_irq1):<code 335> (_start)
                0x00000038        0x4 LONG 0x318 DEFINED (_int_irq2)?<code 335> (_int_irq2):<code 335> (_start)
                0x0000003c        0x4 LONG 0x396 DEFINED (_int_irq3)?<code 335> (_int_irq3):<code 335> (_start)
                0x00000040        0x4 LONG 0x1f1a DEFINED (_int_irq4)?<code 335> (_int_irq4):<code 335> (_start)
                0x00000044        0x4 LONG 0x1f1a DEFINED (_int_irq5)?<code 335> (_int_irq5):<code 335> (_start)
                0x00000048        0x4 LONG 0x1f1a <code 335> (_start)
                0x0000004c        0x4 LONG 0x1f1a <code 335> (_start)
                0x00000050        0x4 LONG 0x1f1a DEFINED (_int_wovi)?<code 335> (_int_wovi):<code 335> (_start)
                0x00000054        0x4 LONG 0x1f1a DEFINED (_int_cmi)?<code 335> (_int_cmi):<code 335> (_start)
                0x00000058        0x4 LONG 0x1f1a <code 335> (_start)
                0x0000005c        0x4 LONG 0x1f1a <code 335> (_start)
                0x00000060        0x4 LONG 0x1f1a DEFINED (_int_imia0)?<code 335> (_int_imia0):<code 335> (_start)
                0x00000064        0x4 LONG 0x1f1a DEFINED (_int_imib0)?<code 335> (_int_imib0):<code 335> (_start)
                0x00000068        0x4 LONG 0x1f1a DEFINED (_int_ovi0)?<code 335> (_int_ovi0):<code 335> (_start)
                0x0000006c        0x4 LONG 0x1f1a <code 335> (_start)
                0x00000070        0x4 LONG 0x630 DEFINED (_int_imia1)?<code 335> (_int_imia1):<code 335> (_start)
                0x00000074        0x4 LONG 0x1f1a DEFINED (_int_imib1)?<code 335> (_int_imib1):<code 335> (_start)
                0x00000078        0x4 LONG 0x1f1a DEFINED (_int_ovi1)?<code 335> (_int_ovi1):<code 335> (_start)
                0x0000007c        0x4 LONG 0x1f1a <code 335> (_start)
                0x00000080        0x4 LONG 0x1f1a DEFINED (_int_imia2)?<code 335> (_int_imia2):<code 335> (_start)
                0x00000084        0x4 LONG 0x1f1a DEFINED (_int_imib2)?<code 335> (_int_imib2):<code 335> (_start)
                0x00000088        0x4 LONG 0x1f1a DEFINED (_int_ovi2)?<code 335> (_int_ovi2):<code 335> (_start)
                0x0000008c        0x4 LONG 0x1f1a <code 335> (_start)
                0x00000090        0x4 LONG 0x1f1a DEFINED (_int_imia3)?<code 335> (_int_imia3):<code 335> (_start)
                0x00000094        0x4 LONG 0x1f1a DEFINED (_int_imib3)?<code 335> (_int_imib3):<code 335> (_start)
                0x00000098        0x4 LONG 0x1f1a DEFINED (_int_ovi3)?<code 335> (_int_ovi3):<code 335> (_start)
                0x0000009c        0x4 LONG 0x1f1a <code 335> (_start)
                0x000000a0        0x4 LONG 0x1f1a DEFINED (_int_imia4)?<code 335> (_int_imia4):<code 335> (_start)
                0x000000a4        0x4 LONG 0x1f1a DEFINED (_int_imib4)?<code 335> (_int_imib4):<code 335> (_start)
                0x000000a8        0x4 LONG 0x1f1a DEFINED (_int_ovi4)?<code 335> (_int_ovi4):<code 335> (_start)
                0x000000ac        0x4 LONG 0x1f1a <code 335> (_start)
                0x000000b0        0x4 LONG 0x1f1a DEFINED (_int_dend0a)?<code 335> (_int_dend0a):<code 335> (_start)
                0x000000b4        0x4 LONG 0x1f1a DEFINED (_int_dend0b)?<code 335> (_int_dend0b):<code 335> (_start)
                0x000000b8        0x4 LONG 0x1f1a DEFINED (_int_dend1a)?<code 335> (_int_dend1a):<code 335> (_start)
                0x000000bc        0x4 LONG 0x1f1a DEFINED (_int_dend1b)?<code 335> (_int_dend1b):<code 335> (_start)
                0x000000c0        0x4 LONG 0x1f1a <code 335> (_start)
                0x000000c4        0x4 LONG 0x1f1a <code 335> (_start)
                0x000000c8        0x4 LONG 0x1f1a <code 335> (_start)
                0x000000cc        0x4 LONG 0x1f1a <code 335> (_start)
                0x000000d0        0x4 LONG 0x1f1a DEFINED (_int_eri0)?<code 335> (_int_eri0):<code 335> (_start)
                0x000000d4        0x4 LONG 0x1f1a DEFINED (_int_rxi0)?<code 335> (_int_rxi0):<code 335> (_start)
                0x000000d8        0x4 LONG 0x1f1a DEFINED (_int_txi0)?<code 335> (_int_txi0):<code 335> (_start)
                0x000000dc        0x4 LONG 0x1f1a DEFINED (_int_tei0)?<code 335> (_int_tei0):<code 335> (_start)
                0x000000e0        0x4 LONG 0x1f1a DEFINED (_int_eri1)?<code 335> (_int_eri1):<code 335> (_start)
                0x000000e4        0x4 LONG 0xc7c DEFINED (_int_rxi1)?<code 335> (_int_rxi1):<code 335> (_start)
                0x000000e8        0x4 LONG 0x1f1a DEFINED (_int_txi1)?<code 335> (_int_txi1):<code 335> (_start)
                0x000000ec        0x4 LONG 0x1f1a DEFINED (_int_tei1)?<code 335> (_int_tei1):<code 335> (_start)
                0x000000f0        0x4 LONG 0x1f1a DEFINED (_int_adi)?<code 335> (_int_adi):<code 335> (_start)
 FILL mask 0xff

.text           0x00000100     0x2c1a
 CREATE_OBJECT_SYMBOLS
 *(.text)
 .text          0x00000100      0x3a4 main.o
                                0x3d6 (size before relaxing)
                0x00000164                post
                0x000002ec                irq_init
                0x00000318                int_irq2
                0x00000100                io_init
                0x00000396                int_irq3
                0x00000414                main
 .text          0x000004a4      0x226 timer.o
                                0x246 (size before relaxing)
                0x00000630                int_imia1
                0x00000554                timer1_start
                0x000004a4                timer_init
                0x000004c0                wait
                0x00000508                timer1_init
                0x00000620                timer1_stop
                0x00000538                timer1_interval
 .text          0x000006ca      0x9b8 sci.o
                                0x9f0 (size before relaxing)
                0x00000c7c                int_rxi1
                0x00000d4a                sci1_init
                0x00000ff6                sci1_sreaddword
                0x00000da4                sci1_rx
                0x00000e12                sci1_tx
                0x00000fba                sci1_sreadword
                0x000006ca                sci1_printf
                0x00000e38                sci1_strtx
                0x00000f32                sci1_sread
                0x00000e76                sci1_strrx
 .text          0x00001082      0x3ca shell.o
                                0x3ce (size before relaxing)
                0x00001082                execute_command
                0x0000117a                commandline_deployment
 .text          0x0000144c      0x2e4 command.o
                                0x2f6 (size before relaxing)
                0x00001582                cmd_sync
                0x00001550                cmd_run
                0x0000144c                cmd_dump
                0x000014b2                cmd_help
                0x00001488                cmd_exit
                0x000014d4                cmd_read
                0x000015ce                cmd_lock
                0x00001606                cmd_unlock
                0x00001708                cmd_stop
                0x000016ae                cmd_reverse
                0x0000163e                cmd_power
                0x00001670                cmd_ver
 .text          0x00001730      0x7ea bmp.o
                                0x7f2 (size before relaxing)
                0x00001b6e                dumpABMP
                0x000017d6                getpointABMP
                0x00001730                initABMP
                0x00001916                readABMP
                0x0000187e                letpointABMP
                0x00001c72                printlineABMP
 .text          0x00001f1a       0x44 h8crt0.o
                0x00001f1a                start
                0x00001f5a                exit
 .text          0x00001f5e       0x8e D:\PROGRA~1\BestTech\GCCDEV~1\GCC\H8\bin\..\lib\gcc-lib\h8300-coff\3.3-GNUH8_v0401\h8300h\libgcc.a(_si_to_sf.o)
                0x00001f5e                __floatsisf
 .text          0x00001fec      0x358 D:\PROGRA~1\BestTech\GCCDEV~1\GCC\H8\bin\..\lib\gcc-lib\h8300-coff\3.3-GNUH8_v0401\h8300h\libgcc.a(_addsub_sf.o)
                0x000022c8                __subsf3
                0x00002256                __addsf3
 .text          0x00002344      0x152 D:\PROGRA~1\BestTech\GCCDEV~1\GCC\H8\bin\..\lib\gcc-lib\h8300-coff\3.3-GNUH8_v0401\h8300h\libgcc.a(_div_sf.o)
                0x00002344                __divsf3
 .text          0x00002496      0x2a2 D:\PROGRA~1\BestTech\GCCDEV~1\GCC\H8\bin\..\lib\gcc-lib\h8300-coff\3.3-GNUH8_v0401\h8300h\libgcc.a(_mul_sf.o)
                0x00002496                __mulsf3
 .text          0x00002738       0x40 D:\PROGRA~1\BestTech\GCCDEV~1\GCC\H8\bin\..\lib\gcc-lib\h8300-coff\3.3-GNUH8_v0401\h8300h\libgcc.a(_fixunssfsi.o)
                0x00002738                __fixunssfsi
 .text          0x00002778       0xc4 D:\PROGRA~1\BestTech\GCCDEV~1\GCC\H8\bin\..\lib\gcc-lib\h8300-coff\3.3-GNUH8_v0401\h8300h\libgcc.a(_divsi3.o)
                                 0xc8 (size before relaxing)
                0x000027c4                __umodsi3
                0x000027d8                __divsi3
                0x0000279e                __modsi3
                0x000027b2                __udivsi3
 .text          0x0000283c       0x18 D:\PROGRA~1\BestTech\GCCDEV~1\GCC\H8\bin\..\lib\gcc-lib\h8300-coff\3.3-GNUH8_v0401\h8300h\libgcc.a(_mulsi3.o)
                0x0000283c                __mulsi3
 .text          0x00002854      0x166 D:\PROGRA~1\BestTech\GCCDEV~1\GCC\H8\bin\..\lib\gcc-lib\h8300-coff\3.3-GNUH8_v0401\h8300h\libgcc.a(_pack_sf.o)
                0x00002854                __pack_f
 .text          0x000029ba       0xba D:\PROGRA~1\BestTech\GCCDEV~1\GCC\H8\bin\..\lib\gcc-lib\h8300-coff\3.3-GNUH8_v0401\h8300h\libgcc.a(_unpack_sf.o)
                0x000029ba                __unpack_f
 .text          0x00002a74       0x8a D:\PROGRA~1\BestTech\GCCDEV~1\GCC\H8\bin\..\lib\gcc-lib\h8300-coff\3.3-GNUH8_v0401\h8300h\libgcc.a(_ge_sf.o)
                0x00002a74                __gesf2
 .text          0x00002afe       0xa6 D:\PROGRA~1\BestTech\GCCDEV~1\GCC\H8\bin\..\lib\gcc-lib\h8300-coff\3.3-GNUH8_v0401\h8300h\libgcc.a(_sf_to_si.o)
                0x00002afe                __fixsfsi
 .text          0x00002ba4       0xfe D:\PROGRA~1\BestTech\GCCDEV~1\GCC\H8\bin\..\lib\gcc-lib\h8300-coff\3.3-GNUH8_v0401\h8300h\libgcc.a(_fpcmp_parts_sf.o)
                0x00002ba4                __fpcmp_parts_f
 .text          0x00002ca2       0x5a D:\PROGRA~1\BestTech\GCCDEV~1\GCC\H8\bin\..\lib\gcc-lib\h8300-coff\3.3-GNUH8_v0401\..\..\..\..\h8300-coff\lib\h8300h\libc.a(strlen.o)
                0x00002ca2                strlen
 .text          0x00002cfc       0x1e D:\PROGRA~1\BestTech\GCCDEV~1\GCC\H8\bin\..\lib\gcc-lib\h8300-coff\3.3-GNUH8_v0401\..\..\..\..\h8300-coff\lib\h8300h\libc.a(strcmp.o)
                0x00002cfc                strcmp
                0x00002d1a                etext = .

.init
 *(.init)

.fini
 *(.fini)

.got
 *(.got)
 *(.got.plt)

.rodata         0x00002d1a      0x41e
 *(.rodata)
 .rodata        0x00002d1a       0x52 main.o
                0x00002d1a                VersionString
 .rodata        0x00002d6c       0x9a sci.o
 .rodata        0x00002e06       0xb8 shell.o
                0x00002e46                CommandTable
                0x00002ea6                CommandNumber
 .rodata        0x00002ebe       0x5a command.o
 .rodata        0x00002f18      0x218 bmp.o
                0x00002f18                default_x
                0x00002f1c                default_size
                0x00002f1e                default_data
                0x00002f1a                default_y
 .rodata        0x00003130        0x8 D:\PROGRA~1\BestTech\GCCDEV~1\GCC\H8\bin\..\lib\gcc-lib\h8300-coff\3.3-GNUH8_v0401\h8300h\libgcc.a(_thenan_sf.o)
                0x00003130                __thenan_sf
 *(.rodata.*)
                0x00003138                _erodata = .

.eh_frame_hdr
 *(.eh_frame_hdr)

.eh_frame
 *(.eh_frame)

.jcr
 *(.jcr)

.tors           0x00003138       0x10
                0x00003138                __CTOR_LIST__ = .
                0x00003138        0x4 LONG 0x0 (((__CTOR_END__ - __CTOR_LIST__) / 0x4) - 0x2)
                0x0000313c                ___ctors = .
 *(.ctors)
                0x0000313c                ___ctors_end = .
                0x0000313c        0x4 LONG 0x0
                0x00003140                __CTOR_END__ = .
                0x00003140                __DTOR_LIST__ = .
                0x00003140        0x4 LONG 0x0 (((__DTOR_END__ - __DTOR_LIST__) / 0x4) - 0x2)
                0x00003144                ___dtors = .
 *(.dtors)
                0x00003144                ___dtors_end = .
                0x00003144        0x4 LONG 0x0
                0x00003148                __DTOR_END__ = .
                0x00003148                _mdata = .

.data           0x00ffef10        0x0 load address 0x00003148
                0x00ffef10                _data = .
 *(.data)
                0x00ffef10                _edata = .

.gcc_exc
 *(.gcc_exc)

.bss            0x00ffef10      0x271
                0x00ffef10                _bss = .
 *(.bss)
 .bss           0x00ffef10       0x62 sci.o
 *(COMMON)
 *fill*         0x00ffef72        0xe 00
 COMMON         0x00ffef80      0x200 main.o
                                  0x0 (size before relaxing)
                0x00ffef80                Public_Abmp_Data
                0x00fff148                Public_Count
                0x00fff14a                timer1_count
                0x00fff14c                Public_Cursor_X
                0x00fff14d                FLG_autosync
                0x00fff150                LED_Front_Lower
                0x00fff154                Public_Scroll_Value
                0x00fff158                LED_Back_Upper
                0x00fff15c                LED_Back_Lower
                0x00fff160                LED_Front_Upper
                0x00fff170                Public_Abmp
 COMMON         0x00fff180        0x1 sci.o
                                  0x0 (size before relaxing)
                0x00fff180                CTRL_C
                0x00fff181                _ebss = .
                0x00fff181                _end = .

.stack          0x00ffff0c        0x0
                0x00ffff0c                _stack = .
 *(.stack)

.eight
 *(.eight)

.stab
 *(.stab)

.stabstr
 *(.stabstr)

/DISCARD/
 *(.comment)
LOAD D:\PROGRA~1\BestTech\GCCDEV~1\GCC\H8\bin\..\lib\gcc-lib\h8300-coff\3.3-GNUH8_v0401\h8300h\libgcc.a
LOAD D:\PROGRA~1\BestTech\GCCDEV~1\GCC\H8\bin\..\lib\gcc-lib\h8300-coff\3.3-GNUH8_v0401\..\..\..\..\h8300-coff\lib\h8300h\libc.a
LOAD D:\PROGRA~1\BestTech\GCCDEV~1\GCC\H8\bin\..\lib\gcc-lib\h8300-coff\3.3-GNUH8_v0401\h8300h\libgcc.a
OUTPUT(main.exe coff-h8300)
